176.32.136.223 - - [26/Jan/2017:10:02:34 +0100] "GET / HTTP/1.1" 200 37 "http://creative.band/admin" "Mozilla/5.0 (Windows NT 10.0; WOW64) AppleWebKit/537.36 (KHTML, like Gecko) Chrome/55.0.2883.87 Safari/537.36"
176.32.136.223 - - [26/Jan/2017:10:02:53 +0100] "GET / HTTP/1.1" 200 58 "http://creative.band/admin" "Mozilla/5.0 (Windows NT 10.0; WOW64) AppleWebKit/537.36 (KHTML, like Gecko) Chrome/55.0.2883.87 Safari/537.36"
176.32.136.223 - - [26/Jan/2017:10:03:28 +0100] "GET / HTTP/1.1" 200 31 "http://creative.band/admin" "Mozilla/5.0 (Windows NT 10.0; WOW64) AppleWebKit/537.36 (KHTML, like Gecko) Chrome/55.0.2883.87 Safari/537.36"
176.32.136.223 - - [26/Jan/2017:10:03:30 +0100] "GET / HTTP/1.1" 200 31 "http://creative.band/admin" "Mozilla/5.0 (Windows NT 10.0; WOW64) AppleWebKit/537.36 (KHTML, like Gecko) Chrome/55.0.2883.87 Safari/537.36"
176.32.136.223 - - [26/Jan/2017:10:03:45 +0100] "GET / HTTP/1.1" 200 40 "http://creative.band/admin" "Mozilla/5.0 (Windows NT 10.0; WOW64) AppleWebKit/537.36 (KHTML, like Gecko) Chrome/55.0.2883.87 Safari/537.36"
176.32.136.223 - - [26/Jan/2017:10:06:10 +0100] "GET / HTTP/1.1" 200 41 "http://creative.band/admin" "Mozilla/5.0 (Windows NT 10.0; WOW64) AppleWebKit/537.36 (KHTML, like Gecko) Chrome/55.0.2883.87 Safari/537.36"
176.32.136.223 - - [26/Jan/2017:10:06:22 +0100] "GET / HTTP/1.1" 200 31 "http://creative.band/admin" "Mozilla/5.0 (Windows NT 10.0; WOW64) AppleWebKit/537.36 (KHTML, like Gecko) Chrome/55.0.2883.87 Safari/537.36"
176.32.136.223 - - [26/Jan/2017:10:06:36 +0100] "GET / HTTP/1.1" 200 31 "http://creative.band/admin" "Mozilla/5.0 (Windows NT 10.0; WOW64) AppleWebKit/537.36 (KHTML, like Gecko) Chrome/55.0.2883.87 Safari/537.36"
176.32.136.223 - - [26/Jan/2017:10:06:50 +0100] "GET / HTTP/1.1" 200 31 "http://creative.band/admin" "Mozilla/5.0 (Windows NT 10.0; WOW64) AppleWebKit/537.36 (KHTML, like Gecko) Chrome/55.0.2883.87 Safari/537.36"
176.32.136.223 - - [26/Jan/2017:10:07:27 +0100] "GET / HTTP/1.1" 200 31 "http://creative.band/admin" "Mozilla/5.0 (Windows NT 10.0; WOW64) AppleWebKit/537.36 (KHTML, like Gecko) Chrome/55.0.2883.87 Safari/537.36"
176.32.136.223 - - [26/Jan/2017:10:07:35 +0100] "GET / HTTP/1.1" 200 31 "http://creative.band/admin" "Mozilla/5.0 (Windows NT 10.0; WOW64) AppleWebKit/537.36 (KHTML, like Gecko) Chrome/55.0.2883.87 Safari/537.36"
176.32.136.223 - - [26/Jan/2017:10:07:42 +0100] "GET / HTTP/1.1" 200 37 "http://creative.band/admin" "Mozilla/5.0 (Windows NT 10.0; WOW64) AppleWebKit/537.36 (KHTML, like Gecko) Chrome/55.0.2883.87 Safari/537.36"
176.32.136.223 - - [26/Jan/2017:10:07:50 +0100] "GET / HTTP/1.1" 200 49 "http://creative.band/admin" "Mozilla/5.0 (Windows NT 10.0; WOW64) AppleWebKit/537.36 (KHTML, like Gecko) Chrome/55.0.2883.87 Safari/537.36"
176.32.136.223 - - [26/Jan/2017:10:07:58 +0100] "GET / HTTP/1.1" 200 49 "http://creative.band/admin" "Mozilla/5.0 (Windows NT 10.0; WOW64) AppleWebKit/537.36 (KHTML, like Gecko) Chrome/55.0.2883.87 Safari/537.36"
176.32.136.223 - - [26/Jan/2017:10:08:07 +0100] "GET / HTTP/1.1" 200 37 "http://creative.band/admin" "Mozilla/5.0 (Windows NT 10.0; WOW64) AppleWebKit/537.36 (KHTML, like Gecko) Chrome/55.0.2883.87 Safari/537.36"
176.32.136.223 - - [26/Jan/2017:10:12:28 +0100] "GET / HTTP/1.1" 200 37 "http://creative.band/admin" "Mozilla/5.0 (Windows NT 10.0; WOW64) AppleWebKit/537.36 (KHTML, like Gecko) Chrome/55.0.2883.87 Safari/537.36"
64.79.100.40 - - [26/Jan/2017:10:19:55 +0100] "GET /robots.txt HTTP/1.1" 200 24 "http://www.creative.band/robots.txt" "Mozilla/5.0 (Windows NT 6.1; WOW64) AppleWebKit/537.36 (KHTML, like Gecko) Chrome/39.0.2171.95 Safari/537.36"
64.79.100.40 - - [26/Jan/2017:10:19:56 +0100] "GET / HTTP/1.1" 200 37 "http://www.creative.band" "Mozilla/5.0 (Windows NT 6.1; WOW64) AppleWebKit/537.36 (KHTML, like Gecko) Chrome/39.0.2171.95 Safari/537.36"
64.79.100.40 - - [26/Jan/2017:10:19:56 +0100] "GET / HTTP/1.1" 500 20656 "-" "Mozilla"
176.32.136.223 - - [26/Jan/2017:10:45:37 +0100] "GET / HTTP/1.1" 200 1482 "http://creative.band/admin" "Mozilla/5.0 (Windows NT 10.0; WOW64) AppleWebKit/537.36 (KHTML, like Gecko) Chrome/55.0.2883.87 Safari/537.36"
176.32.136.223 - - [26/Jan/2017:10:45:37 +0100] "GET /css/app.css HTTP/1.1" 304 0 "http://creative.band/" "Mozilla/5.0 (Windows NT 10.0; WOW64) AppleWebKit/537.36 (KHTML, like Gecko) Chrome/55.0.2883.87 Safari/537.36"
176.32.136.223 - - [26/Jan/2017:10:45:38 +0100] "GET /js/app.js HTTP/1.1" 304 0 "http://creative.band/" "Mozilla/5.0 (Windows NT 10.0; WOW64) AppleWebKit/537.36 (KHTML, like Gecko) Chrome/55.0.2883.87 Safari/537.36"
176.32.136.223 - - [26/Jan/2017:10:45:43 +0100] "GET /pages/1 HTTP/1.1" 500 21736 "http://creative.band/" "Mozilla/5.0 (Windows NT 10.0; WOW64) AppleWebKit/537.36 (KHTML, like Gecko) Chrome/55.0.2883.87 Safari/537.36"
176.32.136.223 - - [26/Jan/2017:10:46:06 +0100] "GET /pages/1 HTTP/1.1" 500 21786 "http://creative.band/" "Mozilla/5.0 (Windows NT 10.0; WOW64) AppleWebKit/537.36 (KHTML, like Gecko) Chrome/55.0.2883.87 Safari/537.36"
176.32.136.223 - - [26/Jan/2017:10:46:39 +0100] "GET /pages/1 HTTP/1.1" 500 21806 "http://creative.band/" "Mozilla/5.0 (Windows NT 10.0; WOW64) AppleWebKit/537.36 (KHTML, like Gecko) Chrome/55.0.2883.87 Safari/537.36"
176.32.136.223 - - [26/Jan/2017:10:47:23 +0100] "GET /pages/5 HTTP/1.1" 500 21806 "http://creative.band/" "Mozilla/5.0 (Windows NT 10.0; WOW64) AppleWebKit/537.36 (KHTML, like Gecko) Chrome/55.0.2883.87 Safari/537.36"
176.32.136.223 - - [26/Jan/2017:10:49:17 +0100] "GET /pages/5 HTTP/1.1" 200 31 "http://creative.band/" "Mozilla/5.0 (Windows NT 10.0; WOW64) AppleWebKit/537.36 (KHTML, like Gecko) Chrome/55.0.2883.87 Safari/537.36"
176.32.136.223 - - [26/Jan/2017:10:50:04 +0100] "GET /pages/5 HTTP/1.1" 200 37 "http://creative.band/" "Mozilla/5.0 (Windows NT 10.0; WOW64) AppleWebKit/537.36 (KHTML, like Gecko) Chrome/55.0.2883.87 Safari/537.36"
92.222.91.113 - - [26/Jan/2017:10:50:23 +0100] "GET / HTTP/1.1" 200 4157 "-" "Mozilla/5.0 (Windows NT 10.0; WOW64; rv:50.0) Gecko/20100101 Firefox/50.0"
92.222.91.113 - - [26/Jan/2017:10:50:23 +0100] "GET /css/app.css HTTP/1.1" 200 118393 "http://creative.band/" "Mozilla/5.0 (Windows NT 10.0; WOW64; rv:50.0) Gecko/20100101 Firefox/50.0"
92.222.91.113 - - [26/Jan/2017:10:50:23 +0100] "GET /js/app.js HTTP/1.1" 200 284534 "http://creative.band/" "Mozilla/5.0 (Windows NT 10.0; WOW64; rv:50.0) Gecko/20100101 Firefox/50.0"
92.222.91.113 - - [26/Jan/2017:10:50:24 +0100] "GET /favicon.ico HTTP/1.1" 200 0 "-" "Mozilla/5.0 (Windows NT 10.0; WOW64; rv:50.0) Gecko/20100101 Firefox/50.0"
92.222.91.113 - - [26/Jan/2017:10:50:27 +0100] "GET /pages/2 HTTP/1.1" 200 23 "http://creative.band/" "Mozilla/5.0 (Windows NT 10.0; WOW64; rv:50.0) Gecko/20100101 Firefox/50.0"
176.32.136.223 - - [26/Jan/2017:10:50:33 +0100] "GET /pages/5 HTTP/1.1" 200 44 "http://creative.band/" "Mozilla/5.0 (Windows NT 10.0; WOW64) AppleWebKit/537.36 (KHTML, like Gecko) Chrome/55.0.2883.87 Safari/537.36"
176.32.136.223 - - [26/Jan/2017:10:52:13 +0100] "GET /pages/5 HTTP/1.1" 200 38 "http://creative.band/" "Mozilla/5.0 (Windows NT 10.0; WOW64) AppleWebKit/537.36 (KHTML, like Gecko) Chrome/55.0.2883.87 Safari/537.36"
176.32.136.223 - - [26/Jan/2017:10:52:38 +0100] "GET /pages/5 HTTP/1.1" 200 52 "http://creative.band/" "Mozilla/5.0 (Windows NT 10.0; WOW64) AppleWebKit/537.36 (KHTML, like Gecko) Chrome/55.0.2883.87 Safari/537.36"
176.32.136.223 - - [26/Jan/2017:10:52:54 +0100] "GET / HTTP/1.1" 200 1482 "http://creative.band/admin" "Mozilla/5.0 (Windows NT 10.0; WOW64) AppleWebKit/537.36 (KHTML, like Gecko) Chrome/55.0.2883.87 Safari/537.36"
176.32.136.223 - - [26/Jan/2017:10:52:56 +0100] "GET /pages/2 HTTP/1.1" 200 55 "http://creative.band/" "Mozilla/5.0 (Windows NT 10.0; WOW64) AppleWebKit/537.36 (KHTML, like Gecko) Chrome/55.0.2883.87 Safari/537.36"
176.32.136.223 - - [26/Jan/2017:10:55:50 +0100] "GET /pages/2 HTTP/1.1" 200 47 "http://creative.band/" "Mozilla/5.0 (Windows NT 10.0; WOW64) AppleWebKit/537.36 (KHTML, like Gecko) Chrome/55.0.2883.87 Safari/537.36"
176.32.136.223 - - [26/Jan/2017:10:55:56 +0100] "GET /pages/3 HTTP/1.1" 200 47 "http://creative.band/" "Mozilla/5.0 (Windows NT 10.0; WOW64) AppleWebKit/537.36 (KHTML, like Gecko) Chrome/55.0.2883.87 Safari/537.36"
176.32.136.223 - - [26/Jan/2017:10:55:58 +0100] "GET / HTTP/1.1" 200 1482 "http://creative.band/admin" "Mozilla/5.0 (Windows NT 10.0; WOW64) AppleWebKit/537.36 (KHTML, like Gecko) Chrome/55.0.2883.87 Safari/537.36"
176.32.136.223 - - [26/Jan/2017:10:56:00 +0100] "GET /pages/4 HTTP/1.1" 200 48 "http://creative.band/" "Mozilla/5.0 (Windows NT 10.0; WOW64) AppleWebKit/537.36 (KHTML, like Gecko) Chrome/55.0.2883.87 Safari/537.36"
176.32.136.223 - - [26/Jan/2017:10:57:04 +0100] "GET /admin HTTP/1.1" 500 40626 "http://creative.band/" "Mozilla/5.0 (Windows NT 10.0; WOW64) AppleWebKit/537.36 (KHTML, like Gecko) Chrome/55.0.2883.87 Safari/537.36"
176.32.136.223 - - [26/Jan/2017:10:58:18 +0100] "GET /admin HTTP/1.1" 500 21158 "http://creative.band/" "Mozilla/5.0 (Windows NT 10.0; WOW64) AppleWebKit/537.36 (KHTML, like Gecko) Chrome/55.0.2883.87 Safari/537.36"
176.32.136.223 - - [26/Jan/2017:10:58:37 +0100] "GET /admin HTTP/1.1" 500 21158 "http://creative.band/" "Mozilla/5.0 (Windows NT 10.0; WOW64) AppleWebKit/537.36 (KHTML, like Gecko) Chrome/55.0.2883.87 Safari/537.36"
176.32.136.223 - - [26/Jan/2017:10:59:52 +0100] "GET /admin HTTP/1.1" 200 1522 "http://creative.band/" "Mozilla/5.0 (Windows NT 10.0; WOW64) AppleWebKit/537.36 (KHTML, like Gecko) Chrome/55.0.2883.87 Safari/537.36"
176.32.136.223 - - [26/Jan/2017:11:27:16 +0100] "GET /admin HTTP/1.1" 200 1524 "http://creative.band/" "Mozilla/5.0 (Windows NT 10.0; WOW64) AppleWebKit/537.36 (KHTML, like Gecko) Chrome/55.0.2883.87 Safari/537.36"
176.32.136.223 - - [26/Jan/2017:11:28:36 +0100] "GET /admin HTTP/1.1" 200 1527 "http://creative.band/" "Mozilla/5.0 (Windows NT 10.0; WOW64) AppleWebKit/537.36 (KHTML, like Gecko) Chrome/55.0.2883.87 Safari/537.36"
92.222.91.113 - - [26/Jan/2017:11:56:32 +0100] "GET / HTTP/1.1" 200 4157 "-" "Mozilla/5.0 (Windows NT 10.0; WOW64; rv:50.0) Gecko/20100101 Firefox/50.0"
176.32.136.223 - - [26/Jan/2017:11:59:54 +0100] "GET /admin HTTP/1.1" 200 1529 "http://creative.band/" "Mozilla/5.0 (Windows NT 10.0; WOW64) AppleWebKit/537.36 (KHTML, like Gecko) Chrome/55.0.2883.87 Safari/537.36"
92.222.91.113 - - [26/Jan/2017:12:00:17 +0100] "GET /pages/3 HTTP/1.1" 200 3606 "http://creative.band/" "Mozilla/5.0 (Windows NT 10.0; WOW64; rv:50.0) Gecko/20100101 Firefox/50.0"
176.32.136.223 - - [26/Jan/2017:12:00:22 +0100] "GET /admin HTTP/1.1" 200 1530 "http://creative.band/" "Mozilla/5.0 (Windows NT 10.0; WOW64) AppleWebKit/537.36 (KHTML, like Gecko) Chrome/55.0.2883.87 Safari/537.36"
92.222.91.113 - - [26/Jan/2017:12:00:25 +0100] "GET / HTTP/1.1" 200 4157 "http://creative.band/pages/3" "Mozilla/5.0 (Windows NT 10.0; WOW64; rv:50.0) Gecko/20100101 Firefox/50.0"
176.32.136.223 - - [26/Jan/2017:12:00:27 +0100] "GET /admin HTTP/1.1" 200 1530 "http://creative.band/" "Mozilla/5.0 (Windows NT 10.0; WOW64) AppleWebKit/537.36 (KHTML, like Gecko) Chrome/55.0.2883.87 Safari/537.36"
92.222.91.113 - - [26/Jan/2017:13:06:24 +0100] "GET / HTTP/1.1" 500 20059 "http://creative.band/pages/3" "Mozilla/5.0 (Windows NT 10.0; WOW64; rv:50.0) Gecko/20100101 Firefox/50.0"
92.222.91.113 - - [26/Jan/2017:13:14:00 +0100] "GET / HTTP/1.1" 500 20063 "http://creative.band/pages/3" "Mozilla/5.0 (Windows NT 10.0; WOW64; rv:50.0) Gecko/20100101 Firefox/50.0"
92.222.91.113 - - [26/Jan/2017:13:19:37 +0100] "GET / HTTP/1.1" 200 4157 "http://creative.band/pages/3" "Mozilla/5.0 (Windows NT 10.0; WOW64; rv:50.0) Gecko/20100101 Firefox/50.0"
92.222.91.113 - - [26/Jan/2017:13:19:37 +0100] "GET /css/app.css HTTP/1.1" 304 0 "http://creative.band/" "Mozilla/5.0 (Windows NT 10.0; WOW64; rv:50.0) Gecko/20100101 Firefox/50.0"
92.222.91.113 - - [26/Jan/2017:13:19:37 +0100] "GET /js/app.js HTTP/1.1" 304 0 "http://creative.band/" "Mozilla/5.0 (Windows NT 10.0; WOW64; rv:50.0) Gecko/20100101 Firefox/50.0"
176.32.136.223 - - [26/Jan/2017:13:20:52 +0100] "GET /admin HTTP/1.1" 200 1530 "http://creative.band/" "Mozilla/5.0 (Windows NT 10.0; WOW64) AppleWebKit/537.36 (KHTML, like Gecko) Chrome/55.0.2883.87 Safari/537.36"
92.222.91.113 - - [26/Jan/2017:13:20:57 +0100] "GET / HTTP/1.1" 200 4157 "http://creative.band/pages/3" "Mozilla/5.0 (Windows NT 10.0; WOW64; rv:50.0) Gecko/20100101 Firefox/50.0"
92.222.91.113 - - [26/Jan/2017:13:20:57 +0100] "GET /css/app.css HTTP/1.1" 304 0 "http://creative.band/" "Mozilla/5.0 (Windows NT 10.0; WOW64; rv:50.0) Gecko/20100101 Firefox/50.0"
92.222.91.113 - - [26/Jan/2017:13:20:57 +0100] "GET /js/app.js HTTP/1.1" 304 0 "http://creative.band/" "Mozilla/5.0 (Windows NT 10.0; WOW64; rv:50.0) Gecko/20100101 Firefox/50.0"
176.32.136.223 - - [26/Jan/2017:13:21:01 +0100] "GET /admin HTTP/1.1" 200 1530 "http://creative.band/" "Mozilla/5.0 (Windows NT 10.0; WOW64) AppleWebKit/537.36 (KHTML, like Gecko) Chrome/55.0.2883.87 Safari/537.36"
5.139.139.34 - - [26/Jan/2017:13:21:27 +0100] "GET / HTTP/1.0" 200 4138 "http://creative.band/" "Mozilla/5.0 (Windows NT 6.1; WOW64) AppleWebKit/537.36 (KHTML, like Gecko) Chrome/48.0.2564.103 Safari/537.36"
5.139.139.34 - - [26/Jan/2017:13:21:27 +0100] "GET / HTTP/1.0" 200 4138 "http://creative.band/" "Mozilla/5.0 (Windows NT 6.1; WOW64) AppleWebKit/537.36 (KHTML, like Gecko) Chrome/48.0.2564.103 Safari/537.36"
92.222.91.113 - - [26/Jan/2017:13:21:35 +0100] "GET / HTTP/1.1" 200 4157 "http://creative.band/pages/3" "Mozilla/5.0 (Windows NT 10.0; WOW64; rv:50.0) Gecko/20100101 Firefox/50.0"
92.222.91.113 - - [26/Jan/2017:13:21:35 +0100] "GET /css/app.css HTTP/1.1" 304 0 "http://creative.band/" "Mozilla/5.0 (Windows NT 10.0; WOW64; rv:50.0) Gecko/20100101 Firefox/50.0"
92.222.91.113 - - [26/Jan/2017:13:21:35 +0100] "GET /js/app.js HTTP/1.1" 304 0 "http://creative.band/" "Mozilla/5.0 (Windows NT 10.0; WOW64; rv:50.0) Gecko/20100101 Firefox/50.0"
176.32.136.223 - - [26/Jan/2017:13:21:38 +0100] "GET /admin HTTP/1.1" 200 1544 "http://creative.band/" "Mozilla/5.0 (Windows NT 10.0; WOW64) AppleWebKit/537.36 (KHTML, like Gecko) Chrome/55.0.2883.87 Safari/537.36"
92.222.91.113 - - [26/Jan/2017:13:22:43 +0100] "GET /pages/14 HTTP/1.1" 200 3623 "http://creative.band/" "Mozilla/5.0 (Windows NT 10.0; WOW64; rv:50.0) Gecko/20100101 Firefox/50.0"
92.222.91.113 - - [26/Jan/2017:13:22:46 +0100] "GET / HTTP/1.1" 200 4157 "http://creative.band/pages/14" "Mozilla/5.0 (Windows NT 10.0; WOW64; rv:50.0) Gecko/20100101 Firefox/50.0"
176.32.136.223 - - [26/Jan/2017:13:22:50 +0100] "GET /admin HTTP/1.1" 200 1544 "http://creative.band/" "Mozilla/5.0 (Windows NT 10.0; WOW64) AppleWebKit/537.36 (KHTML, like Gecko) Chrome/55.0.2883.87 Safari/537.36"
176.32.136.223 - - [26/Jan/2017:13:23:50 +0100] "GET /admin HTTP/1.1" 200 1547 "http://creative.band/" "Mozilla/5.0 (Windows NT 10.0; WOW64) AppleWebKit/537.36 (KHTML, like Gecko) Chrome/55.0.2883.87 Safari/537.36"
176.32.136.223 - - [26/Jan/2017:13:23:57 +0100] "GET /admin HTTP/1.1" 200 1544 "http://creative.band/" "Mozilla/5.0 (Windows NT 10.0; WOW64) AppleWebKit/537.36 (KHTML, like Gecko) Chrome/55.0.2883.87 Safari/537.36"
176.32.136.223 - - [26/Jan/2017:13:24:19 +0100] "GET /admin HTTP/1.1" 200 1544 "http://creative.band/" "Mozilla/5.0 (Windows NT 10.0; WOW64) AppleWebKit/537.36 (KHTML, like Gecko) Chrome/55.0.2883.87 Safari/537.36"
92.222.91.113 - - [26/Jan/2017:13:24:25 +0100] "GET / HTTP/1.1" 200 4157 "http://creative.band/" "Mozilla/5.0 (Windows NT 10.0; WOW64; rv:50.0) Gecko/20100101 Firefox/50.0"
176.32.136.223 - - [26/Jan/2017:13:24:28 +0100] "GET /admin HTTP/1.1" 500 22788 "http://creative.band/" "Mozilla/5.0 (Windows NT 10.0; WOW64) AppleWebKit/537.36 (KHTML, like Gecko) Chrome/55.0.2883.87 Safari/537.36"
176.32.136.223 - - [26/Jan/2017:13:25:50 +0100] "GET /admin HTTP/1.1" 200 1546 "http://creative.band/" "Mozilla/5.0 (Windows NT 10.0; WOW64) AppleWebKit/537.36 (KHTML, like Gecko) Chrome/55.0.2883.87 Safari/537.36"
176.32.136.223 - - [26/Jan/2017:13:26:27 +0100] "GET /admin HTTP/1.1" 500 13886 "http://creative.band/" "Mozilla/5.0 (Windows NT 10.0; WOW64) AppleWebKit/537.36 (KHTML, like Gecko) Chrome/55.0.2883.87 Safari/537.36"
176.32.136.223 - - [26/Jan/2017:13:26:39 +0100] "GET /admin HTTP/1.1" 200 1546 "http://creative.band/" "Mozilla/5.0 (Windows NT 10.0; WOW64) AppleWebKit/537.36 (KHTML, like Gecko) Chrome/55.0.2883.87 Safari/537.36"
176.32.136.223 - - [26/Jan/2017:13:27:40 +0100] "GET /admin HTTP/1.1" 200 1546 "http://creative.band/" "Mozilla/5.0 (Windows NT 10.0; WOW64) AppleWebKit/537.36 (KHTML, like Gecko) Chrome/55.0.2883.87 Safari/537.36"
176.32.136.223 - - [26/Jan/2017:13:27:42 +0100] "GET / HTTP/1.1" 200 1482 "http://creative.band/admin" "Mozilla/5.0 (Windows NT 10.0; WOW64) AppleWebKit/537.36 (KHTML, like Gecko) Chrome/55.0.2883.87 Safari/537.36"
176.32.136.223 - - [26/Jan/2017:13:27:44 +0100] "GET /admin HTTP/1.1" 200 1543 "http://creative.band/" "Mozilla/5.0 (Windows NT 10.0; WOW64) AppleWebKit/537.36 (KHTML, like Gecko) Chrome/55.0.2883.87 Safari/537.36"
176.32.136.223 - - [26/Jan/2017:15:52:27 +0100] "GET /admin HTTP/1.1" 200 1562 "http://creative.band/" "Mozilla/5.0 (Windows NT 10.0; WOW64) AppleWebKit/537.36 (KHTML, like Gecko) Chrome/55.0.2883.87 Safari/537.36"
176.32.136.223 - - [26/Jan/2017:15:52:27 +0100] "GET /css/app.css HTTP/1.1" 304 0 "http://creative.band/admin" "Mozilla/5.0 (Windows NT 10.0; WOW64) AppleWebKit/537.36 (KHTML, like Gecko) Chrome/55.0.2883.87 Safari/537.36"
176.32.136.223 - - [26/Jan/2017:15:52:27 +0100] "GET /js/app.js HTTP/1.1" 304 0 "http://creative.band/admin" "Mozilla/5.0 (Windows NT 10.0; WOW64) AppleWebKit/537.36 (KHTML, like Gecko) Chrome/55.0.2883.87 Safari/537.36"
176.32.136.223 - - [26/Jan/2017:15:52:33 +0100] "GET /admin/pages HTTP/1.1" 200 31 "http://creative.band/admin" "Mozilla/5.0 (Windows NT 10.0; WOW64) AppleWebKit/537.36 (KHTML, like Gecko) Chrome/55.0.2883.87 Safari/537.36"
176.32.136.223 - - [26/Jan/2017:15:52:37 +0100] "GET /admin HTTP/1.1" 200 1562 "http://creative.band/admin" "Mozilla/5.0 (Windows NT 10.0; WOW64) AppleWebKit/537.36 (KHTML, like Gecko) Chrome/55.0.2883.87 Safari/537.36"
74.63.237.154 - - [26/Jan/2017:16:36:55 +0100] "GET / HTTP/1.1" 500 20708 "-" "Mozilla/5.0 (Unknown; Linux x86_64) AppleWebKit/538.1 (KHTML, like Gecko) PhantomJS/2.1.1 Safari/538.1"
192.240.212.3 - - [26/Jan/2017:16:48:11 +0100] "GET / HTTP/1.0" 500 20719 "http://creative.band/" "Mozilla/5.0 (Windows NT 6.1; WOW64) AppleWebKit/537.36 (KHTML, like Gecko) Chrome/47.0.2526.111 YaBrowser/16.2.0.3539 Safari/537.36"
192.240.212.3 - - [26/Jan/2017:16:48:13 +0100] "GET / HTTP/1.0" 500 20719 "http://creative.band/" "Mozilla/5.0 (Windows NT 6.1; WOW64) AppleWebKit/537.36 (KHTML, like Gecko) Chrome/47.0.2526.111 YaBrowser/16.2.0.3539 Safari/537.36"
176.32.136.223 - - [26/Jan/2017:16:53:48 +0100] "GET /admin/pages HTTP/1.1" 200 1480 "http://creative.band/admin" "Mozilla/5.0 (Windows NT 10.0; WOW64) AppleWebKit/537.36 (KHTML, like Gecko) Chrome/55.0.2883.87 Safari/537.36"
176.32.136.223 - - [26/Jan/2017:16:55:55 +0100] "GET /admin HTTP/1.1" 200 1502 "http://creative.band/admin/pages" "Mozilla/5.0 (Windows NT 10.0; WOW64) AppleWebKit/537.36 (KHTML, like Gecko) Chrome/55.0.2883.87 Safari/537.36"
92.222.91.113 - - [26/Jan/2017:17:11:21 +0100] "GET / HTTP/1.1" 500 20759 "http://creative.band/" "Mozilla/5.0 (Windows NT 10.0; WOW64; rv:50.0) Gecko/20100101 Firefox/50.0"
92.222.91.113 - - [26/Jan/2017:17:12:24 +0100] "GET / HTTP/1.1" 200 4157 "http://creative.band/" "Mozilla/5.0 (Windows NT 10.0; WOW64; rv:50.0) Gecko/20100101 Firefox/50.0"
92.222.91.113 - - [26/Jan/2017:17:12:24 +0100] "GET /css/app.css HTTP/1.1" 304 0 "http://creative.band/" "Mozilla/5.0 (Windows NT 10.0; WOW64; rv:50.0) Gecko/20100101 Firefox/50.0"
92.222.91.113 - - [26/Jan/2017:17:12:24 +0100] "GET /js/app.js HTTP/1.1" 304 0 "http://creative.band/" "Mozilla/5.0 (Windows NT 10.0; WOW64; rv:50.0) Gecko/20100101 Firefox/50.0"
176.32.136.223 - - [26/Jan/2017:17:12:42 +0100] "GET /admin HTTP/1.1" 200 1631 "http://creative.band/admin/pages" "Mozilla/5.0 (Windows NT 10.0; WOW64) AppleWebKit/537.36 (KHTML, like Gecko) Chrome/55.0.2883.87 Safari/537.36"
176.32.136.223 - - [26/Jan/2017:17:14:09 +0100] "GET /admin HTTP/1.1" 200 1693 "http://creative.band/admin/pages" "Mozilla/5.0 (Windows NT 10.0; WOW64) AppleWebKit/537.36 (KHTML, like Gecko) Chrome/55.0.2883.87 Safari/537.36"
176.32.136.223 - - [26/Jan/2017:17:36:00 +0100] "GET /admin HTTP/1.1" 200 1693 "http://creative.band/admin/pages" "Mozilla/5.0 (Windows NT 10.0; WOW64) AppleWebKit/537.36 (KHTML, like Gecko) Chrome/55.0.2883.87 Safari/537.36"
207.46.13.231 - - [26/Jan/2017:17:43:18 +0100] "GET /robots.txt HTTP/1.1" 200 24 "-" "Mozilla/5.0 (compatible; bingbot/2.0; +http://www.bing.com/bingbot.htm)"
157.55.39.128 - - [26/Jan/2017:17:43:19 +0100] "GET / HTTP/1.1" 200 1187 "-" "Mozilla/5.0 (compatible; bingbot/2.0; +http://www.bing.com/bingbot.htm)"
92.222.91.113 - - [26/Jan/2017:19:42:03 +0100] "GET / HTTP/1.1" 500 20243 "http://creative.band/" "Mozilla/5.0 (Windows NT 10.0; WOW64; rv:50.0) Gecko/20100101 Firefox/50.0"
92.222.91.113 - - [26/Jan/2017:19:42:03 +0100] "GET /favicon.ico HTTP/1.1" 304 0 "-" "Mozilla/5.0 (Windows NT 10.0; WOW64; rv:50.0) Gecko/20100101 Firefox/50.0"
92.222.91.113 - - [26/Jan/2017:19:43:45 +0100] "GET / HTTP/1.1" 500 20186 "http://creative.band/" "Mozilla/5.0 (Windows NT 10.0; WOW64; rv:50.0) Gecko/20100101 Firefox/50.0"
92.222.91.113 - - [26/Jan/2017:19:44:29 +0100] "GET / HTTP/1.1" 200 4157 "http://creative.band/" "Mozilla/5.0 (Windows NT 10.0; WOW64; rv:50.0) Gecko/20100101 Firefox/50.0"
92.222.91.113 - - [26/Jan/2017:19:44:30 +0100] "GET /css/app.css HTTP/1.1" 304 0 "http://creative.band/" "Mozilla/5.0 (Windows NT 10.0; WOW64; rv:50.0) Gecko/20100101 Firefox/50.0"
92.222.91.113 - - [26/Jan/2017:19:44:30 +0100] "GET /js/app.js HTTP/1.1" 304 0 "http://creative.band/" "Mozilla/5.0 (Windows NT 10.0; WOW64; rv:50.0) Gecko/20100101 Firefox/50.0"
176.32.136.223 - - [26/Jan/2017:19:45:03 +0100] "GET /admin HTTP/1.1" 200 1692 "http://creative.band/admin/pages" "Mozilla/5.0 (Windows NT 10.0; WOW64) AppleWebKit/537.36 (KHTML, like Gecko) Chrome/55.0.2883.87 Safari/537.36"
176.32.136.223 - - [26/Jan/2017:20:24:29 +0100] "GET /admin/pages HTTP/1.1" 200 1479 "http://creative.band/admin" "Mozilla/5.0 (Windows NT 10.0; WOW64) AppleWebKit/537.36 (KHTML, like Gecko) Chrome/55.0.2883.87 Safari/537.36"
176.32.136.223 - - [26/Jan/2017:20:24:38 +0100] "GET / HTTP/1.1" 200 1503 "http://creative.band/admin/pages" "Mozilla/5.0 (Windows NT 10.0; WOW64) AppleWebKit/537.36 (KHTML, like Gecko) Chrome/55.0.2883.87 Safari/537.36"
176.32.136.223 - - [26/Jan/2017:20:24:41 +0100] "GET /admin/pages HTTP/1.1" 200 1479 "http://creative.band/" "Mozilla/5.0 (Windows NT 10.0; WOW64) AppleWebKit/537.36 (KHTML, like Gecko) Chrome/55.0.2883.87 Safari/537.36"
176.32.136.223 - - [26/Jan/2017:20:24:42 +0100] "GET /admin HTTP/1.1" 200 1730 "http://creative.band/admin/pages" "Mozilla/5.0 (Windows NT 10.0; WOW64) AppleWebKit/537.36 (KHTML, like Gecko) Chrome/55.0.2883.87 Safari/537.36"
62.210.80.11 - - [26/Jan/2017:20:28:53 +0100] "GET /# HTTP/1.0" 404 11657 "http://creative.band" "Mozilla/4.0 (compatible; MSIE 6.0; Windows NT 5.1; en) Opera 8.50"
62.210.80.11 - - [26/Jan/2017:20:28:53 +0100] "GET /# HTTP/1.0" 404 11657 "http://creative.band" "Mozilla/4.0 (compatible; MSIE 6.0; Windows NT 5.1; en) Opera 8.50"
62.210.80.11 - - [26/Jan/2017:20:28:53 +0100] "GET /# HTTP/1.0" 404 11657 "http://creative.band" "Mozilla/4.0 (compatible; MSIE 6.0; Windows NT 5.1; en) Opera 8.50"
62.210.80.11 - - [26/Jan/2017:20:28:53 +0100] "GET /# HTTP/1.0" 404 11657 "http://creative.band" "Mozilla/4.0 (compatible; MSIE 6.0; Windows NT 5.1; en) Opera 8.50"
176.32.136.223 - - [26/Jan/2017:21:26:02 +0100] "GET /admin/pages HTTP/1.1" 200 1473 "http://creative.band/admin" "Mozilla/5.0 (Windows NT 10.0; WOW64) AppleWebKit/537.36 (KHTML, like Gecko) Chrome/55.0.2883.87 Safari/537.36"
176.32.136.223 - - [26/Jan/2017:21:26:02 +0100] "GET /css/app.css HTTP/1.1" 304 0 "http://creative.band/admin/pages" "Mozilla/5.0 (Windows NT 10.0; WOW64) AppleWebKit/537.36 (KHTML, like Gecko) Chrome/55.0.2883.87 Safari/537.36"
176.32.136.223 - - [26/Jan/2017:21:26:02 +0100] "GET /js/app.js HTTP/1.1" 304 0 "http://creative.band/admin/pages" "Mozilla/5.0 (Windows NT 10.0; WOW64) AppleWebKit/537.36 (KHTML, like Gecko) Chrome/55.0.2883.87 Safari/537.36"
176.32.136.223 - - [26/Jan/2017:21:26:37 +0100] "GET /admin/pages HTTP/1.1" 200 1495 "http://creative.band/admin" "Mozilla/5.0 (Windows NT 10.0; WOW64) AppleWebKit/537.36 (KHTML, like Gecko) Chrome/55.0.2883.87 Safari/537.36"
176.32.136.223 - - [26/Jan/2017:21:26:51 +0100] "GET /admin/pages HTTP/1.1" 200 1495 "http://creative.band/admin" "Mozilla/5.0 (Windows NT 10.0; WOW64) AppleWebKit/537.36 (KHTML, like Gecko) Chrome/55.0.2883.87 Safari/537.36"
176.32.136.223 - - [26/Jan/2017:21:27:39 +0100] "GET /admin/pages HTTP/1.1" 200 1479 "http://creative.band/admin" "Mozilla/5.0 (Windows NT 10.0; WOW64) AppleWebKit/537.36 (KHTML, like Gecko) Chrome/55.0.2883.87 Safari/537.36"
176.32.136.223 - - [26/Jan/2017:21:35:21 +0100] "GET /admin HTTP/1.1" 200 1730 "http://creative.band/admin/pages" "Mozilla/5.0 (Windows NT 10.0; WOW64) AppleWebKit/537.36 (KHTML, like Gecko) Chrome/55.0.2883.87 Safari/537.36"
92.222.91.113 - - [26/Jan/2017:21:35:35 +0100] "GET / HTTP/1.1" 200 4157 "http://creative.band/" "Mozilla/5.0 (Windows NT 10.0; WOW64; rv:50.0) Gecko/20100101 Firefox/50.0"
176.32.136.223 - - [26/Jan/2017:21:35:42 +0100] "GET /admin HTTP/1.1" 200 1783 "http://creative.band/admin/pages" "Mozilla/5.0 (Windows NT 10.0; WOW64) AppleWebKit/537.36 (KHTML, like Gecko) Chrome/55.0.2883.87 Safari/537.36"
176.32.136.223 - - [26/Jan/2017:21:36:01 +0100] "GET / HTTP/1.1" 200 1503 "http://creative.band/admin" "Mozilla/5.0 (Windows NT 10.0; WOW64) AppleWebKit/537.36 (KHTML, like Gecko) Chrome/55.0.2883.87 Safari/537.36"
176.32.136.223 - - [26/Jan/2017:21:36:05 +0100] "GET /admin HTTP/1.1" 200 1779 "http://creative.band/" "Mozilla/5.0 (Windows NT 10.0; WOW64) AppleWebKit/537.36 (KHTML, like Gecko) Chrome/55.0.2883.87 Safari/537.36"
176.32.136.223 - - [26/Jan/2017:21:36:31 +0100] "GET /admin/pages HTTP/1.1" 200 1479 "http://creative.band/admin" "Mozilla/5.0 (Windows NT 10.0; WOW64) AppleWebKit/537.36 (KHTML, like Gecko) Chrome/55.0.2883.87 Safari/537.36"
176.32.136.223 - - [26/Jan/2017:21:36:33 +0100] "GET /admin/pages/1 HTTP/1.1" 404 2352 "http://creative.band/admin/pages" "Mozilla/5.0 (Windows NT 10.0; WOW64) AppleWebKit/537.36 (KHTML, like Gecko) Chrome/55.0.2883.87 Safari/537.36"
176.32.136.223 - - [26/Jan/2017:21:36:51 +0100] "GET / HTTP/1.1" 200 1503 "http://creative.band/admin/pages" "Mozilla/5.0 (Windows NT 10.0; WOW64) AppleWebKit/537.36 (KHTML, like Gecko) Chrome/55.0.2883.87 Safari/537.36"
176.32.136.223 - - [26/Jan/2017:21:37:55 +0100] "GET /admin/pages HTTP/1.1" 200 1479 "http://creative.band/" "Mozilla/5.0 (Windows NT 10.0; WOW64) AppleWebKit/537.36 (KHTML, like Gecko) Chrome/55.0.2883.87 Safari/537.36"
176.32.136.223 - - [26/Jan/2017:21:38:14 +0100] "GET /admin/page/1 HTTP/1.1" 200 1743 "http://creative.band/admin/pages" "Mozilla/5.0 (Windows NT 10.0; WOW64) AppleWebKit/537.36 (KHTML, like Gecko) Chrome/55.0.2883.87 Safari/537.36"
92.222.91.113 - - [26/Jan/2017:21:38:24 +0100] "GET /pages/1 HTTP/1.1" 200 3687 "http://creative.band/" "Mozilla/5.0 (Windows NT 10.0; WOW64; rv:50.0) Gecko/20100101 Firefox/50.0"
176.32.136.223 - - [26/Jan/2017:21:38:29 +0100] "GET /admin/page/1 HTTP/1.1" 200 1795 "http://creative.band/admin/pages" "Mozilla/5.0 (Windows NT 10.0; WOW64) AppleWebKit/537.36 (KHTML, like Gecko) Chrome/55.0.2883.87 Safari/537.36"
